SUM=5
PRODUCT=14
DIFFERENCE=-3
FLAG
GREETING=yoop
ORIGIN=(3,4)
NUMS=10,20,30 len=3
MASK=254 SHIFTED=1024 NEGATED=-16
EQ
HIGH_BIT
ORIGIN_X=3 NUMS_FIRST=10 NUMS_LEN=3
SQUARED=36 NESTED=16
FACT_5=120 FACT_8=40320 ABS_DIFF=7
CAST_F=42 CAST_U8=255
BUILT=(17,42) BUMPED_SUM=140
BUMPED_PT=(4,6)
FORIN_SUM=15
exit=0
